[DataLoader] Loaded 101 POIs from C101.csv (Depot id=0 at (40.0, 50.0))
[Init] Population created: 50 individuals
       Heuristic (40): avg route length = 6.2
       Random    (10):  avg route length = 6.1
[HGA] Population initialized and evaluated.
      Best fitness  = 164.00
      Worst fitness = 25.00

======================================================================
INITIALIZATION VALIDATION
======================================================================
[OK] Population size: 50
[OK] All routes start and end at Depot (id=0)
[OK] No duplicate POIs in any route (interior)
[OK] Average route length: 6.2 POIs (including 2 depots)

--- Top 5 individuals ---
  fitness=  164.00  |  route (11 nodes): [0, 63, 74, 72, 61, 68, 66, 69, 49, 47, 0]
  fitness=  159.00  |  route (9 nodes): [0, 25, 28, 26, 23, 2, 21, 49, 0]
  fitness=  156.00  |  route (9 nodes): [0, 25, 28, 26, 23, 22, 21, 75, 0]
  fitness=  147.00  |  route (10 nodes): [0, 63, 74, 72, 61, 64, 69, 49, 47, 0]
  fitness=  141.00  |  route (8 nodes): [0, 25, 28, 22, 21, 49, 47, 0]

--- Bottom 5 individuals ---
  fitness=   40.00  |  route (4 nodes): [0, 21, 47, 0]
  fitness=   40.00  |  route (4 nodes): [0, 21, 47, 0]
  fitness=   40.00  |  route (5 nodes): [0, 51, 66, 47, 0]
  fitness=   30.00  |  route (5 nodes): [0, 77, 49, 47, 0]
  fitness=   25.00  |  route (4 nodes): [0, 49, 47, 0]

=== ALL CHECKS PASSED ===
